// Jest Snapshot v1, https://goo.gl/fbAQLP

exports[`should correctly render LoginPage 1`] = `
<div
  className="box-layout"
>
  <div
    className="box-layout__box"
  >
    <h1
      className="box-layout__title"
    >
      Cinta Uang
    </h1>
    <p>
      Atur keuanganmu sekarang!
    </p>
    <button
      className="button"
    >
      Login dengan Google
    </button>
  </div>
</div>
`;
